WARNING: Ignoring invalid distribution ~vitop (/opt/miniconda3/envs/pytorch/lib/python3.12/site-packages)
Collecting hydra-core==1.3.2 (from -r requirements/faod-added-lock.txt (line 2))
  Using cached hydra_core-1.3.2-py3-none-any.whl.metadata (5.5 kB)
Collecting einops==0.8.1 (from -r requirements/faod-added-lock.txt (line 3))
  Using cached einops-0.8.1-py3-none-any.whl.metadata (13 kB)
Collecting h5py==3.12.1 (from -r requirements/faod-added-lock.txt (line 4))
  Using cached h5py-3.12.1-cp312-cp312-manylinux_2_17_x86_64.manylinux2014_x86_64.whl.metadata (2.5 kB)
Collecting hdf5plugin==5.0.0 (from -r requirements/faod-added-lock.txt (line 5))
  Using cached hdf5plugin-5.0.0-py3-none-manylinux_2_17_x86_64.manylinux2014_x86_64.whl.metadata (4.7 kB)
Collecting pytorch-lightning==2.5.5 (from -r requirements/faod-added-lock.txt (line 6))
  Using cached pytorch_lightning-2.5.5-py3-none-any.whl.metadata (20 kB)
Collecting torchmetrics==1.6.1 (from -r requirements/faod-added-lock.txt (line 7))
  Using cached torchmetrics-1.6.1-py3-none-any.whl.metadata (21 kB)
Collecting lightning-utilities==0.15.2 (from -r requirements/faod-added-lock.txt (line 8))
  Using cached lightning_utilities-0.15.2-py3-none-any.whl.metadata (5.7 kB)
Collecting wandb==0.19.11 (from -r requirements/faod-added-lock.txt (line 9))
  Using cached wandb-0.19.11-py3-none-manylinux_2_17_x86_64.manylinux2014_x86_64.whl.metadata (10 kB)
Collecting plotly==5.24.1 (from -r requirements/faod-added-lock.txt (line 10))
  Using cached plotly-5.24.1-py3-none-any.whl.metadata (7.3 kB)
Collecting bbox-visualizer==0.1.0 (from -r requirements/faod-added-lock.txt (line 11))
  Using cached bbox_visualizer-0.1.0-py2.py3-none-any.whl.metadata (4.2 kB)
Collecting ipdb==0.13.13 (from -r requirements/faod-added-lock.txt (line 12))
  Using cached ipdb-0.13.13-py3-none-any.whl.metadata (14 kB)
Collecting numba==0.60.0 (from -r requirements/faod-added-lock.txt (line 13))
  Using cached numba-0.60.0-cp312-cp312-manylinux2014_x86_64.manylinux_2_17_x86_64.whl.metadata (2.7 kB)
Collecting mmengine==0.10.7 (from -r requirements/faod-added-lock.txt (line 14))
  Using cached mmengine-0.10.7-py3-none-any.whl.metadata (20 kB)
Collecting ipython==8.31.0 (from -r requirements/faod-added-lock.txt (line 15))
  Using cached ipython-8.31.0-py3-none-any.whl.metadata (4.9 kB)
Collecting click==8.5.0 (from -r requirements/faod-added-lock.txt (line 16))
  Using cached click-8.5.0-py3-none-any.whl.metadata (2.6 kB)
Collecting docker-pycreds==0.4.0 (from -r requirements/faod-added-lock.txt (line 17))
  Using cached docker_pycreds-0.4.0-py2.py3-none-any.whl.metadata (1.8 kB)
Collecting GitPython==3.1.62 (from -r requirements/faod-added-lock.txt (line 18))
  Using cached gitpython-3.1.62-py3-none-any.whl.metadata (13 kB)
Collecting jedi==0.20.0 (from -r requirements/faod-added-lock.txt (line 19))
  Using cached jedi-0.20.0-py2.py3-none-any.whl.metadata (23 kB)
Collecting llvmlite==0.43.0 (from -r requirements/faod-added-lock.txt (line 20))
  Using cached llvmlite-0.43.0-cp312-cp312-manylinux_2_17_x86_64.manylinux2014_x86_64.whl.metadata (4.8 kB)
Collecting pexpect==4.9.0 (from -r requirements/faod-added-lock.txt (line 21))
  Using cached pexpect-4.9.0-py2.py3-none-any.whl.metadata (2.5 kB)
Collecting prompt_toolkit==3.0.53 (from -r requirements/faod-added-lock.txt (line 22))
  Using cached prompt_toolkit-3.0.53-py3-none-any.whl.metadata (6.4 kB)
Collecting sentry-sdk==2.69.1 (from -r requirements/faod-added-lock.txt (line 23))
  Using cached sentry_sdk-2.69.1-py3-none-any.whl.metadata (11 kB)
Collecting tenacity==9.1.4 (from -r requirements/faod-added-lock.txt (line 24))
  Using cached tenacity-9.1.4-py3-none-any.whl.metadata (1.2 kB)
Collecting traitlets==5.16.1 (from -r requirements/faod-added-lock.txt (line 25))
  Using cached traitlets-5.16.1-py3-none-any.whl.metadata (10 kB)
Collecting addict==2.4.0 (from -r requirements/faod-added-lock.txt (line 26))
  Using cached addict-2.4.0-py3-none-any.whl.metadata (1.0 kB)
Collecting decorator==5.3.1 (from -r requirements/faod-added-lock.txt (line 27))
  Using cached decorator-5.3.1-py3-none-any.whl.metadata (3.9 kB)
Collecting matplotlib-inline==0.2.2 (from -r requirements/faod-added-lock.txt (line 28))
  Using cached matplotlib_inline-0.2.2-py3-none-any.whl.metadata (2.4 kB)
Collecting setproctitle==1.3.7 (from -r requirements/faod-added-lock.txt (line 29))
  Using cached setproctitle-1.3.7-cp312-cp312-manylinux1_x86_64.manylinux_2_28_x86_64.manylinux_2_5_x86_64.whl.metadata (10 kB)
Collecting stack-data==0.6.3 (from -r requirements/faod-added-lock.txt (line 30))
  Using cached stack_data-0.6.3-py3-none-any.whl.metadata (18 kB)
Collecting yapf==0.43.0 (from -r requirements/faod-added-lock.txt (line 31))
  Using cached yapf-0.43.0-py3-none-any.whl.metadata (46 kB)
Collecting aiohttp==3.14.3 (from -r requirements/faod-added-lock.txt (line 32))
  Using cached aiohttp-3.14.3-cp312-cp312-manylinux2014_x86_64.manylinux_2_17_x86_64.manylinux_2_28_x86_64.whl.metadata (8.3 kB)
Collecting asttokens==3.0.2 (from -r requirements/faod-added-lock.txt (line 33))
  Using cached asttokens-3.0.2-py3-none-any.whl.metadata (5.7 kB)
Collecting executing==2.2.1 (from -r requirements/faod-added-lock.txt (line 34))
  Using cached executing-2.2.1-py2.py3-none-any.whl.metadata (8.9 kB)
Collecting gitdb==4.0.12 (from -r requirements/faod-added-lock.txt (line 35))
  Using cached gitdb-4.0.12-py3-none-any.whl.metadata (1.2 kB)
Collecting parso==0.8.7 (from -r requirements/faod-added-lock.txt (line 36))
  Using cached parso-0.8.7-py2.py3-none-any.whl.metadata (8.2 kB)
Collecting ptyprocess==0.7.0 (from -r requirements/faod-added-lock.txt (line 37))
  Using cached ptyprocess-0.7.0-py2.py3-none-any.whl.metadata (1.3 kB)
Collecting wcwidth==0.8.3 (from -r requirements/faod-added-lock.txt (line 38))
  Using cached wcwidth-0.8.3-py3-none-any.whl.metadata (43 kB)
Collecting pure_eval==0.2.4 (from -r requirements/faod-added-lock.txt (line 39))
  Using cached pure_eval-0.2.4-py3-none-any.whl.metadata (6.4 kB)
Collecting aiohappyeyeballs==2.7.1 (from -r requirements/faod-added-lock.txt (line 40))
  Using cached aiohappyeyeballs-2.7.1-py3-none-any.whl.metadata (5.9 kB)
Collecting aiosignal==1.4.0 (from -r requirements/faod-added-lock.txt (line 41))
  Using cached aiosignal-1.4.0-py3-none-any.whl.metadata (3.7 kB)
Collecting frozenlist==1.8.0 (from -r requirements/faod-added-lock.txt (line 42))
  Using cached frozenlist-1.8.0-cp312-cp312-manylinux1_x86_64.manylinux_2_28_x86_64.manylinux_2_5_x86_64.whl.metadata (20 kB)
Collecting multidict==6.8.0 (from -r requirements/faod-added-lock.txt (line 43))
  Using cached multidict-6.8.0-cp312-cp312-manylinux2014_x86_64.manylinux_2_17_x86_64.manylinux_2_28_x86_64.whl.metadata (5.3 kB)
Collecting propcache==0.5.2 (from -r requirements/faod-added-lock.txt (line 44))
  Using cached propcache-0.5.2-cp312-cp312-manylinux2014_x86_64.manylinux_2_17_x86_64.manylinux_2_28_x86_64.whl.metadata (16 kB)
Collecting smmap==5.0.3 (from -r requirements/faod-added-lock.txt (line 45))
  Using cached smmap-5.0.3-py3-none-any.whl.metadata (4.6 kB)
Collecting yarl==1.24.5 (from -r requirements/faod-added-lock.txt (line 46))
  Using cached yarl-1.24.5-cp312-cp312-manylinux2014_x86_64.manylinux_2_17_x86_64.manylinux_2_28_x86_64.whl.metadata (103 kB)
Requirement already satisfied: omegaconf<2.4,>=2.2 in /opt/miniconda3/envs/pytorch/lib/python3.12/site-packages (from hydra-core==1.3.2->-r requirements/faod-added-lock.txt (line 2)) (2.3.0)
Requirement already satisfied: antlr4-python3-runtime==4.9.* in /opt/miniconda3/envs/pytorch/lib/python3.12/site-packages (from hydra-core==1.3.2->-r requirements/faod-added-lock.txt (line 2)) (4.9.3)
Requirement already satisfied: packaging in /opt/miniconda3/envs/pytorch/lib/python3.12/site-packages (from hydra-core==1.3.2->-r requirements/faod-added-lock.txt (line 2)) (24.1)
Requirement already satisfied: numpy>=1.19.3 in /opt/miniconda3/envs/pytorch/lib/python3.12/site-packages (from h5py==3.12.1->-r requirements/faod-added-lock.txt (line 4)) (1.26.4)
Requirement already satisfied: torch>=2.1.0 in /opt/miniconda3/envs/pytorch/lib/python3.12/site-packages (from pytorch-lightning==2.5.5->-r requirements/faod-added-lock.txt (line 6)) (2.5.0)
Requirement already satisfied: tqdm>=4.57.0 in /opt/miniconda3/envs/pytorch/lib/python3.12/site-packages (from pytorch-lightning==2.5.5->-r requirements/faod-added-lock.txt (line 6)) (4.66.5)
Requirement already satisfied: PyYAML>5.4 in /opt/miniconda3/envs/pytorch/lib/python3.12/site-packages (from pytorch-lightning==2.5.5->-r requirements/faod-added-lock.txt (line 6)) (6.0.2)
Requirement already satisfied: fsspec>=2022.5.0 in /opt/miniconda3/envs/pytorch/lib/python3.12/site-packages (from fsspec[http]>=2022.5.0->pytorch-lightning==2.5.5->-r requirements/faod-added-lock.txt (line 6)) (2024.10.0)
Requirement already satisfied: typing-extensions>4.5.0 in /opt/miniconda3/envs/pytorch/lib/python3.12/site-packages (from pytorch-lightning==2.5.5->-r requirements/faod-added-lock.txt (line 6)) (4.14.1)
Requirement already satisfied: setuptools in /opt/miniconda3/envs/pytorch/lib/python3.12/site-packages (from lightning-utilities==0.15.2->-r requirements/faod-added-lock.txt (line 8)) (69.5.1)
Requirement already satisfied: platformdirs in /opt/miniconda3/envs/pytorch/lib/python3.12/site-packages (from wandb==0.19.11->-r requirements/faod-added-lock.txt (line 9)) (4.9.6)
Requirement already satisfied: protobuf!=4.21.0,!=5.28.0,<7,>=3.19.0 in /opt/miniconda3/envs/pytorch/lib/python3.12/site-packages (from wandb==0.19.11->-r requirements/faod-added-lock.txt (line 9)) (4.25.3)
Requirement already satisfied: psutil>=5.0.0 in /opt/miniconda3/envs/pytorch/lib/python3.12/site-packages (from wandb==0.19.11->-r requirements/faod-added-lock.txt (line 9)) (6.1.0)
Requirement already satisfied: pydantic<3 in /opt/miniconda3/envs/pytorch/lib/python3.12/site-packages (from wandb==0.19.11->-r requirements/faod-added-lock.txt (line 9)) (2.11.7)
Requirement already satisfied: requests<3,>=2.0.0 in /opt/miniconda3/envs/pytorch/lib/python3.12/site-packages (from wandb==0.19.11->-r requirements/faod-added-lock.txt (line 9)) (2.32.3)
Requirement already satisfied: matplotlib in /opt/miniconda3/envs/pytorch/lib/python3.12/site-packages (from mmengine==0.10.7->-r requirements/faod-added-lock.txt (line 14)) (3.9.2)
Requirement already satisfied: rich in /opt/miniconda3/envs/pytorch/lib/python3.12/site-packages (from mmengine==0.10.7->-r requirements/faod-added-lock.txt (line 14)) (13.9.4)
Requirement already satisfied: termcolor in /opt/miniconda3/envs/pytorch/lib/python3.12/site-packages (from mmengine==0.10.7->-r requirements/faod-added-lock.txt (line 14)) (2.5.0)
Requirement already satisfied: opencv-python>=3 in /opt/miniconda3/envs/pytorch/lib/python3.12/site-packages (from mmengine==0.10.7->-r requirements/faod-added-lock.txt (line 14)) (4.10.0)
Requirement already satisfied: pygments>=2.4.0 in /opt/miniconda3/envs/pytorch/lib/python3.12/site-packages (from ipython==8.31.0->-r requirements/faod-added-lock.txt (line 15)) (2.19.1)
Requirement already satisfied: six>=1.4.0 in /opt/miniconda3/envs/pytorch/lib/python3.12/site-packages (from docker-pycreds==0.4.0->-r requirements/faod-added-lock.txt (line 17)) (1.16.0)
Requirement already satisfied: urllib3>=1.26.11 in /opt/miniconda3/envs/pytorch/lib/python3.12/site-packages (from sentry-sdk==2.69.1->-r requirements/faod-added-lock.txt (line 23)) (2.2.3)
Requirement already satisfied: certifi in /opt/miniconda3/envs/pytorch/lib/python3.12/site-packages (from sentry-sdk==2.69.1->-r requirements/faod-added-lock.txt (line 23)) (2026.4.22)
Requirement already satisfied: attrs>=17.3.0 in /opt/miniconda3/envs/pytorch/lib/python3.12/site-packages (from aiohttp==3.14.3->-r requirements/faod-added-lock.txt (line 32)) (26.1.0)
Requirement already satisfied: idna>=2.0 in /opt/miniconda3/envs/pytorch/lib/python3.12/site-packages (from yarl==1.24.5->-r requirements/faod-added-lock.txt (line 46)) (3.7)
Requirement already satisfied: annotated-types>=0.6.0 in /opt/miniconda3/envs/pytorch/lib/python3.12/site-packages (from pydantic<3->wandb==0.19.11->-r requirements/faod-added-lock.txt (line 9)) (0.7.0)
Requirement already satisfied: pydantic-core==2.33.2 in /opt/miniconda3/envs/pytorch/lib/python3.12/site-packages (from pydantic<3->wandb==0.19.11->-r requirements/faod-added-lock.txt (line 9)) (2.33.2)
Requirement already satisfied: typing-inspection>=0.4.0 in /opt/miniconda3/envs/pytorch/lib/python3.12/site-packages (from pydantic<3->wandb==0.19.11->-r requirements/faod-added-lock.txt (line 9)) (0.4.1)
Requirement already satisfied: charset-normalizer<4,>=2 in /opt/miniconda3/envs/pytorch/lib/python3.12/site-packages (from requests<3,>=2.0.0->wandb==0.19.11->-r requirements/faod-added-lock.txt (line 9)) (3.3.2)
Requirement already satisfied: filelock in /opt/miniconda3/envs/pytorch/lib/python3.12/site-packages (from torch>=2.1.0->pytorch-lightning==2.5.5->-r requirements/faod-added-lock.txt (line 6)) (3.29.0)
Requirement already satisfied: sympy==1.13.1 in /opt/miniconda3/envs/pytorch/lib/python3.12/site-packages (from torch>=2.1.0->pytorch-lightning==2.5.5->-r requirements/faod-added-lock.txt (line 6)) (1.13.1)
Requirement already satisfied: networkx in /opt/miniconda3/envs/pytorch/lib/python3.12/site-packages (from torch>=2.1.0->pytorch-lightning==2.5.5->-r requirements/faod-added-lock.txt (line 6)) (3.2.1)
Requirement already satisfied: jinja2 in /opt/miniconda3/envs/pytorch/lib/python3.12/site-packages (from torch>=2.1.0->pytorch-lightning==2.5.5->-r requirements/faod-added-lock.txt (line 6)) (3.1.4)
Requirement already satisfied: mpmath<1.4,>=1.1.0 in /opt/miniconda3/envs/pytorch/lib/python3.12/site-packages (from sympy==1.13.1->torch>=2.1.0->pytorch-lightning==2.5.5->-r requirements/faod-added-lock.txt (line 6)) (1.3.0)
Requirement already satisfied: contourpy>=1.0.1 in /opt/miniconda3/envs/pytorch/lib/python3.12/site-packages (from matplotlib->mmengine==0.10.7->-r requirements/faod-added-lock.txt (line 14)) (1.2.0)
Requirement already satisfied: cycler>=0.10 in /opt/miniconda3/envs/pytorch/lib/python3.12/site-packages (from matplotlib->mmengine==0.10.7->-r requirements/faod-added-lock.txt (line 14)) (0.11.0)
Requirement already satisfied: fonttools>=4.22.0 in /opt/miniconda3/envs/pytorch/lib/python3.12/site-packages (from matplotlib->mmengine==0.10.7->-r requirements/faod-added-lock.txt (line 14)) (4.51.0)
Requirement already satisfied: kiwisolver>=1.3.1 in /opt/miniconda3/envs/pytorch/lib/python3.12/site-packages (from matplotlib->mmengine==0.10.7->-r requirements/faod-added-lock.txt (line 14)) (1.4.4)
Requirement already satisfied: pillow>=8 in /opt/miniconda3/envs/pytorch/lib/python3.12/site-packages (from matplotlib->mmengine==0.10.7->-r requirements/faod-added-lock.txt (line 14)) (10.4.0)
Requirement already satisfied: pyparsing>=2.3.1 in /opt/miniconda3/envs/pytorch/lib/python3.12/site-packages (from matplotlib->mmengine==0.10.7->-r requirements/faod-added-lock.txt (line 14)) (3.1.2)
Requirement already satisfied: python-dateutil>=2.7 in /opt/miniconda3/envs/pytorch/lib/python3.12/site-packages (from matplotlib->mmengine==0.10.7->-r requirements/faod-added-lock.txt (line 14)) (2.9.0.post0)
Requirement already satisfied: markdown-it-py>=2.2.0 in /opt/miniconda3/envs/pytorch/lib/python3.12/site-packages (from rich->mmengine==0.10.7->-r requirements/faod-added-lock.txt (line 14)) (3.0.0)
Requirement already satisfied: mdurl~=0.1 in /opt/miniconda3/envs/pytorch/lib/python3.12/site-packages (from markdown-it-py>=2.2.0->rich->mmengine==0.10.7->-r requirements/faod-added-lock.txt (line 14)) (0.1.2)
Requirement already satisfied: MarkupSafe>=2.0 in /opt/miniconda3/envs/pytorch/lib/python3.12/site-packages (from jinja2->torch>=2.1.0->pytorch-lightning==2.5.5->-r requirements/faod-added-lock.txt (line 6)) (2.1.3)
Using cached hydra_core-1.3.2-py3-none-any.whl (154 kB)
Using cached einops-0.8.1-py3-none-any.whl (64 kB)
Using cached h5py-3.12.1-cp312-cp312-manylinux_2_17_x86_64.manylinux2014_x86_64.whl (5.4 MB)
Using cached hdf5plugin-5.0.0-py3-none-manylinux_2_17_x86_64.manylinux2014_x86_64.whl (45.6 MB)
Using cached pytorch_lightning-2.5.5-py3-none-any.whl (832 kB)
Using cached torchmetrics-1.6.1-py3-none-any.whl (927 kB)
Using cached lightning_utilities-0.15.2-py3-none-any.whl (29 kB)
Using cached wandb-0.19.11-py3-none-manylinux_2_17_x86_64.manylinux2014_x86_64.whl (21.4 MB)
Using cached plotly-5.24.1-py3-none-any.whl (19.1 MB)
Using cached bbox_visualizer-0.1.0-py2.py3-none-any.whl (6.2 kB)
Using cached ipdb-0.13.13-py3-none-any.whl (12 kB)
Using cached numba-0.60.0-cp312-cp312-manylinux2014_x86_64.manylinux_2_17_x86_64.whl (3.8 MB)
Using cached mmengine-0.10.7-py3-none-any.whl (452 kB)
Using cached ipython-8.31.0-py3-none-any.whl (821 kB)
Using cached click-8.5.0-py3-none-any.whl (125 kB)
Using cached docker_pycreds-0.4.0-py2.py3-none-any.whl (9.0 kB)
Using cached gitpython-3.1.62-py3-none-any.whl (222 kB)
Using cached jedi-0.20.0-py2.py3-none-any.whl (4.9 MB)
Using cached llvmlite-0.43.0-cp312-cp312-manylinux_2_17_x86_64.manylinux2014_x86_64.whl (43.9 MB)
Using cached pexpect-4.9.0-py2.py3-none-any.whl (63 kB)
Using cached prompt_toolkit-3.0.53-py3-none-any.whl (392 kB)
Using cached sentry_sdk-2.69.1-py3-none-any.whl (528 kB)
Using cached tenacity-9.1.4-py3-none-any.whl (28 kB)
Using cached traitlets-5.16.1-py3-none-any.whl (86 kB)
Using cached addict-2.4.0-py3-none-any.whl (3.8 kB)
Using cached decorator-5.3.1-py3-none-any.whl (10 kB)
Using cached matplotlib_inline-0.2.2-py3-none-any.whl (9.5 kB)
Using cached setproctitle-1.3.7-cp312-cp312-manylinux1_x86_64.manylinux_2_28_x86_64.manylinux_2_5_x86_64.whl (32 kB)
Using cached stack_data-0.6.3-py3-none-any.whl (24 kB)
Using cached yapf-0.43.0-py3-none-any.whl (256 kB)
Using cached aiohttp-3.14.3-cp312-cp312-manylinux2014_x86_64.manylinux_2_17_x86_64.manylinux_2_28_x86_64.whl (1.8 MB)
Using cached asttokens-3.0.2-py3-none-any.whl (28 kB)
Using cached executing-2.2.1-py2.py3-none-any.whl (28 kB)
Using cached gitdb-4.0.12-py3-none-any.whl (62 kB)
Using cached parso-0.8.7-py2.py3-none-any.whl (107 kB)
Using cached ptyprocess-0.7.0-py2.py3-none-any.whl (13 kB)
Using cached wcwidth-0.8.3-py3-none-any.whl (331 kB)
Using cached pure_eval-0.2.4-py3-none-any.whl (11 kB)
Using cached aiohappyeyeballs-2.7.1-py3-none-any.whl (15 kB)
Using cached aiosignal-1.4.0-py3-none-any.whl (7.5 kB)
Using cached frozenlist-1.8.0-cp312-cp312-manylinux1_x86_64.manylinux_2_28_x86_64.manylinux_2_5_x86_64.whl (242 kB)
Using cached multidict-6.8.0-cp312-cp312-manylinux2014_x86_64.manylinux_2_17_x86_64.manylinux_2_28_x86_64.whl (287 kB)
Using cached propcache-0.5.2-cp312-cp312-manylinux2014_x86_64.manylinux_2_17_x86_64.manylinux_2_28_x86_64.whl (61 kB)
Using cached smmap-5.0.3-py3-none-any.whl (24 kB)
Using cached yarl-1.24.5-cp312-cp312-manylinux2014_x86_64.manylinux_2_17_x86_64.manylinux_2_28_x86_64.whl (109 kB)
WARNING: Ignoring invalid distribution ~vitop (/opt/miniconda3/envs/pytorch/lib/python3.12/site-packages)
Installing collected packages: pure_eval, ptyprocess, addict, yapf, wcwidth, traitlets, tenacity, smmap, setproctitle, sentry-sdk, propcache, pexpect, parso, multidict, llvmlite, lightning-utilities, h5py, frozenlist, executing, einops, docker-pycreds, decorator, click, bbox-visualizer, asttokens, aiohappyeyeballs, yarl, stack-data, prompt_toolkit, plotly, numba, matplotlib-inline, jedi, hydra-core, hdf5plugin, gitdb, aiosignal, torchmetrics, mmengine, ipython, GitPython, aiohttp, wandb, ipdb, pytorch-lightning
WARNING: Ignoring invalid distribution ~vitop (/opt/miniconda3/envs/pytorch/lib/python3.12/site-packages)
Successfully installed GitPython-3.1.62 addict-2.4.0 aiohappyeyeballs-2.7.1 aiohttp-3.14.3 aiosignal-1.4.0 asttokens-3.0.2 bbox-visualizer-0.1.0 click-8.5.0 decorator-5.3.1 docker-pycreds-0.4.0 einops-0.8.1 executing-2.2.1 frozenlist-1.8.0 gitdb-4.0.12 h5py-3.12.1 hdf5plugin-5.0.0 hydra-core-1.3.2 ipdb-0.13.13 ipython-8.31.0 jedi-0.20.0 lightning-utilities-0.15.2 llvmlite-0.43.0 matplotlib-inline-0.2.2 mmengine-0.10.7 multidict-6.8.0 numba-0.60.0 parso-0.8.7 pexpect-4.9.0 plotly-5.24.1 prompt_toolkit-3.0.53 propcache-0.5.2 ptyprocess-0.7.0 pure_eval-0.2.4 pytorch-lightning-2.5.5 sentry-sdk-2.69.1 setproctitle-1.3.7 smmap-5.0.3 stack-data-0.6.3 tenacity-9.1.4 torchmetrics-1.6.1 traitlets-5.16.1 wandb-0.19.11 wcwidth-0.8.3 yapf-0.43.0 yarl-1.24.5
