Seed set to 317
/opt/miniconda3/envs/pytorch/lib/python3.12/site-packages/mmengine/optim/optimizer/zero_optimizer.py:11: DeprecationWarning: `TorchScript` support for functional optimizers is deprecated and will be removed in a future PyTorch release. Consider using the `torch.compile` optimizer instead.
  from torch.distributed.optim import \
Using 16bit Automatic Mixed Precision (AMP)
GPU available: True (cuda), used: True
TPU available: False, using: 0 TPU cores
HPU available: False, using: 0 HPUs
/opt/miniconda3/envs/pytorch/lib/python3.12/site-packages/pytorch_lightning/trainer/configuration_validator.py:70: You defined a `validation_step` but have no `val_dataloader`. Skipping val loop.
You are using a CUDA device ('NVIDIA GeForce RTX 4090') that has Tensor Cores. To properly utilize them, you should set `torch.set_float32_matmul_precision('medium' | 'high')` which will trade-off precision for performance. For more details, read https://pytorch.org/docs/stable/generated/torch.set_float32_matmul_precision.html#torch.set_float32_matmul_precision
LOCAL_RANK: 0 - CUDA_VISIBLE_DEVICES: [0,1,2,3,4,5,6,7]
/opt/miniconda3/envs/pytorch/lib/python3.12/site-packages/pytorch_lightning/trainer/connectors/data_connector.py:433: The 'train_dataloader' does not have many workers which may be a bottleneck. Consider increasing the value of the `num_workers` argument` to `num_workers=95` in the `DataLoader` to improve performance.
`Trainer.fit` stopped: `max_steps=12` reached.
Using 16bit Automatic Mixed Precision (AMP)
GPU available: True (cuda), used: True
TPU available: False, using: 0 TPU cores
HPU available: False, using: 0 HPUs
Restoring states from the checkpoint path at /tmp/faod-smoke-y8huo8po/resume.ckpt
LOCAL_RANK: 0 - CUDA_VISIBLE_DEVICES: [0,1,2,3,4,5,6,7]
Restored all states from the checkpoint at /tmp/faod-smoke-y8huo8po/resume.ckpt
`Trainer.fit` stopped: `max_steps=13` reached.
Using python-based detection evaluation
Set forward_fusion backbone (height, width) to (512, 640)
Set partition sizes: (8, 10)
Set num_classes=8 for detection head
Cannot import fused_act and upfirdn2d. Ignore this warning if they are not used. Otherwise install BasicSR with compiling them.
ACTUAL MODEL: models.detection.recurrent_backbone.darknet_rnn_forward_fusion RNNDetector
PARAMETERS: 20265335
RESULT {"train_device": "cuda:0", "inference_device": "cpu", "precision": "16-mixed", "steps": 13, "losses": [11.253244400024414, 11.097822189331055, 11.253244400024414, 11.097822189331055, 11.253244400024414, 11.097822189331055, 11.253244400024414, 11.097822189331055, 11.253244400024414, 11.097822189331055, 11.253244400024414, 11.097822189331055, 12.257181167602539], "finite_gradient_steps": 2, "prediction_shape": [1, 126, 13], "checkpoint_restore": true, "peak_allocated_bytes": 431602688}
== Timing statistics ==
